118.6.145.59 - - [09/Sep/2017:16:59:55 +0800] "GET /api/v1.0/stores/?search=&page=1&page_size=20 HTTP/1.1" 200 2622 "-" "okhttp/3.4.1"
222.209.17.125 - - [09/Sep/2017:16:59:56 +0800] "GET /api/v1.0/refund_order/31/ HTTP/1.1" 200 20016 "-" "Mozilla/5.0 (Macintosh; Intel Mac OS X 10_12_5) AppleWebKit/537.36 (KHTML, like Gecko) Chrome/60.0.3112.113 Safari/537.36"
182.200.65.111 - - [09/Sep/2017:16:59:57 +0800] "GET /api/v1.0/order/get_order_kitchen/ HTTP/1.1" 200 1909 "-" "okhttp/3.4.1"
118.6.145.59 - - [09/Sep/2017:16:59:58 +0800] "GET /api/v1.0/stores/?search=&page=1&page_size=20 HTTP/1.1" 200 2622 "-" "okhttp/3.4.1"
118.6.145.59 - - [09/Sep/2017:16:59:59 +0800] "GET /api/v1.0/stores/?search=&page=1&page_size=20 HTTP/1.1" 200 2622 "-" "okhttp/3.4.1"
182.200.65.111 - - [09/Sep/2017:17:00:05 +0800] "GET /api/v1.0/order/get_order_kitchen/ HTTP/1.1" 200 1909 "-" "okhttp/3.4.1"
118.6.145.59 - - [09/Sep/2017:17:00:06 +0800] "GET /api/v1.0/stores/index/?store=2 HTTP/1.1" 200 1108 "-" "okhttp/3.4.1"
118.6.145.59 - - [09/Sep/2017:17:00:06 +0800] "GET /api/v1.0/foodcategory/?store=2 HTTP/1.1" 200 302 "-" "okhttp/3.4.1"
118.6.145.59 - - [09/Sep/2017:17:00:06 +0800] "GET /api/v1.0/stores/2 HTTP/1.1" 301 0 "-" "okhttp/3.4.1"
118.6.145.59 - - [09/Sep/2017:17:00:07 +0800] "GET /api/v1.0/food/?store=2&search=&category=5&page=1&page_size=20 HTTP/1.1" 200 1173 "-" "okhttp/3.4.1"
118.6.145.59 - - [09/Sep/2017:17:00:07 +0800] "GET /api/v1.0/food/?store=2&search=&category=5&page=1&page_size=20 HTTP/1.1" 200 1173 "-" "okhttp/3.4.1"
118.6.145.59 - - [09/Sep/2017:17:00:07 +0800] "GET /api/v1.0/stores/2/ HTTP/1.1" 200 398 "-" "okhttp/3.4.1"
118.6.145.59 - - [09/Sep/2017:17:00:07 +0800] "GET /api/v1.0/desk/7 HTTP/1.1" 301 0 "-" "okhttp/3.4.1"
118.6.145.59 - - [09/Sep/2017:17:00:07 +0800] "GET /api/v1.0/food/?store=2&search=&category=6&page=1&page_size=20 HTTP/1.1" 200 1782 "-" "okhttp/3.4.1"
118.6.145.59 - - [09/Sep/2017:17:00:07 +0800] "GET /api/v1.0/desk/7/ HTTP/1.1" 200 106 "-" "okhttp/3.4.1"
118.6.145.59 - - [09/Sep/2017:17:00:09 +0800] "GET /files/logo/bandicam_2017-06-05_09-35-23-427.jpg HTTP/1.1" 200 9111 "-" "Dalvik/2.1.0 (Linux; U; Android 6.0.1; SOV34 Build/39.0.C.1.24)"
118.6.145.59 - - [09/Sep/2017:17:00:09 +0800] "GET /files/rotation/bandicam_2017-06-05_09-21-51-564.jpg HTTP/1.1" 200 118613 "-" "Dalvik/2.1.0 (Linux; U; Android 6.0.1; SOV34 Build/39.0.C.1.24)"
118.6.145.59 - - [09/Sep/2017:17:00:09 +0800] "GET /files/rotation/bandicam_2017-06-05_09-22-21-265.jpg HTTP/1.1" 200 87600 "-" "Dalvik/2.1.0 (Linux; U; Android 6.0.1; SOV34 Build/39.0.C.1.24)"
118.6.145.59 - - [09/Sep/2017:17:00:10 +0800] "GET /files/store_ad/bandicam_2017-06-05_09-21-49-321.jpg HTTP/1.1" 200 154128 "-" "Dalvik/2.1.0 (Linux; U; Android 6.0.1; SOV34 Build/39.0.C.1.24)"
118.6.145.59 - - [09/Sep/2017:17:00:10 +0800] "GET /files/store_ad/bandicam_2017-06-05_09-22-16-171.jpg HTTP/1.1" 200 82893 "-" "Dalvik/2.1.0 (Linux; U; Android 6.0.1; SOV34 Build/39.0.C.1.24)"
118.6.145.59 - - [09/Sep/2017:17:00:11 +0800] "GET /files/store_ad/bandicam_2017-06-05_09-21-40-406.jpg HTTP/1.1" 200 101018 "-" "Dalvik/2.1.0 (Linux; U; Android 6.0.1; SOV34 Build/39.0.C.1.24)"
118.6.145.59 - - [09/Sep/2017:17:00:11 +0800] "GET /files/store_ad/bandicam_2017-06-05_09-22-03-306.jpg HTTP/1.1" 200 95745 "-" "Dalvik/2.1.0 (Linux; U; Android 6.0.1; SOV34 Build/39.0.C.1.24)"
118.6.145.59 - - [09/Sep/2017:17:00:11 +0800] "GET /files/store_ad/bandicam_2017-06-05_09-21-53-433.jpg HTTP/1.1" 200 150602 "-" "Dalvik/2.1.0 (Linux; U; Android 6.0.1; SOV34 Build/39.0.C.1.24)"
118.6.145.59 - - [09/Sep/2017:17:00:11 +0800] "GET /files/store_ad/bandicam_2017-06-05_09-23-38-691.jpg HTTP/1.1" 200 96688 "-" "Dalvik/2.1.0 (Linux; U; Android 6.0.1; SOV34 Build/39.0.C.1.24)"
118.6.145.59 - - [09/Sep/2017:17:00:11 +0800] "GET /api/v1.0/coupon/?store=2 HTTP/1.1" 200 1742 "-" "okhttp/3.4.1"
118.6.145.59 - - [09/Sep/2017:17:00:11 +0800] "GET /files/food/bandicam_2017-06-05_09-21-40-406_x1VHPBP.jpg HTTP/1.1" 200 101018 "-" "Dalvik/2.1.0 (Linux; U; Android 6.0.1; SOV34 Build/39.0.C.1.24)"
118.6.145.59 - - [09/Sep/2017:17:00:12 +0800] "GET /files/food/bandicam_2017-06-05_09-22-06-518.jpg HTTP/1.1" 200 77592 "-" "Dalvik/2.1.0 (Linux; U; Android 6.0.1; SOV34 Build/39.0.C.1.24)"
118.6.145.59 - - [09/Sep/2017:17:00:12 +0800] "GET /files/food/bandicam_2017-06-05_09-22-03-306.jpg HTTP/1.1" 200 95745 "-" "Dalvik/2.1.0 (Linux; U; Android 6.0.1; SOV34 Build/39.0.C.1.24)"
118.6.145.59 - - [09/Sep/2017:17:00:12 +0800] "GET /files/store_ad/bandicam_2017-06-05_09-21-38-701.jpg HTTP/1.1" 200 138240 "-" "Dalvik/2.1.0 (Linux; U; Android 6.0.1; SOV34 Build/39.0.C.1.24)"
182.200.65.111 - - [09/Sep/2017:17:00:13 +0800] "GET /api/v1.0/order/get_order_kitchen/ HTTP/1.1" 200 1909 "-" "okhttp/3.4.1"
118.6.145.59 - - [09/Sep/2017:17:00:15 +0800] "GET /api/v1.0/food/?store=2&search=&category=5&page=1&page_size=20 HTTP/1.1" 200 1173 "-" "okhttp/3.4.1"
118.6.145.59 - - [09/Sep/2017:17:00:16 +0800] "GET /api/v1.0/food/?store=2&search=&category=6&page=1&page_size=20 HTTP/1.1" 200 1782 "-" "okhttp/3.4.1"
118.6.145.59 - - [09/Sep/2017:17:00:18 +0800] "GET /api/v1.0/coupon/?store=2 HTTP/1.1" 200 1742 "-" "okhttp/3.4.1"
118.6.145.59 - - [09/Sep/2017:17:00:20 +0800] "GET /api/v1.0/food/?store=2&search=&category=5&page=1&page_size=20 HTTP/1.1" 200 1173 "-" "okhttp/3.4.1"
182.200.65.111 - - [09/Sep/2017:17:00:21 +0800] "GET /api/v1.0/order/get_order_kitchen/ HTTP/1.1" 200 1909 "-" "okhttp/3.4.1"
118.6.145.59 - - [09/Sep/2017:17:00:23 +0800] "GET /api/v1.0/food/?store=2&search=&category=5&page=1&page_size=20 HTTP/1.1" 200 1173 "-" "okhttp/3.4.1"
182.200.65.111 - - [09/Sep/2017:17:00:29 +0800] "GET /api/v1.0/order/get_order_kitchen/ HTTP/1.1" 200 1909 "-" "okhttp/3.4.1"
118.6.145.59 - - [09/Sep/2017:17:00:29 +0800] "GET /api/v1.0/food/?store=2&search=&category=17&page=1&page_size=20 HTTP/1.1" 200 597 "-" "okhttp/3.4.1"
118.6.145.59 - - [09/Sep/2017:17:00:29 +0800] "GET /api/v1.0/food/?store=2&search=&category=17&page=1&page_size=20 HTTP/1.1" 200 597 "-" "okhttp/3.4.1"
118.6.145.59 - - [09/Sep/2017:17:00:29 +0800] "GET /api/v1.0/food/?store=2&search=&category=6&page=1&page_size=20 HTTP/1.1" 200 1782 "-" "okhttp/3.4.1"
118.6.145.59 - - [09/Sep/2017:17:00:29 +0800] "GET /api/v1.0/food/?store=2&search=&category=17&page=1&page_size=20 HTTP/1.1" 200 597 "-" "okhttp/3.4.1"
118.6.145.59 - - [09/Sep/2017:17:00:29 +0800] "GET /api/v1.0/food/?store=2&search=&category=18&page=1&page_size=20 HTTP/1.1" 200 1377 "-" "okhttp/3.4.1"
118.6.145.59 - - [09/Sep/2017:17:00:29 +0800] "GET /api/v1.0/food/?store=2&search=&category=18&page=1&page_size=20 HTTP/1.1" 200 1377 "-" "okhttp/3.4.1"
118.6.145.59 - - [09/Sep/2017:17:00:30 +0800] "GET /api/v1.0/food/?store=2&search=&category=18&page=1&page_size=20 HTTP/1.1" 200 1377 "-" "okhttp/3.4.1"
118.6.145.59 - - [09/Sep/2017:17:00:30 +0800] "GET /api/v1.0/food/?store=2&search=&category=17&page=1&page_size=20 HTTP/1.1" 200 597 "-" "okhttp/3.4.1"
118.6.145.59 - - [09/Sep/2017:17:00:30 +0800] "GET /api/v1.0/food/?store=2&search=&category=6&page=1&page_size=20 HTTP/1.1" 200 1782 "-" "okhttp/3.4.1"
118.6.145.59 - - [09/Sep/2017:17:00:30 +0800] "GET /api/v1.0/food/?store=2&search=&category=6&page=1&page_size=20 HTTP/1.1" 200 1782 "-" "okhttp/3.4.1"
118.6.145.59 - - [09/Sep/2017:17:00:31 +0800] "GET /api/v1.0/food/?store=2&search=&category=5&page=1&page_size=20 HTTP/1.1" 200 1173 "-" "okhttp/3.4.1"
118.6.145.59 - - [09/Sep/2017:17:00:31 +0800] "GET /api/v1.0/food/?store=2&search=&category=6&page=1&page_size=20 HTTP/1.1" 200 1782 "-" "okhttp/3.4.1"
118.6.145.59 - - [09/Sep/2017:17:00:31 +0800] "GET /api/v1.0/food/?store=2&search=&category=5&page=1&page_size=20 HTTP/1.1" 200 1173 "-" "okhttp/3.4.1"
118.6.145.59 - - [09/Sep/2017:17:00:32 +0800] "GET /api/v1.0/food/?store=2&search=&category=5&page=1&page_size=20 HTTP/1.1" 200 1173 "-" "okhttp/3.4.1"
118.6.145.59 - - [09/Sep/2017:17:00:35 +0800] "GET /api/v1.0/food/?store=2&search=&category=5&page=1&page_size=20 HTTP/1.1" 200 1173 "-" "okhttp/3.4.1"
182.200.65.111 - - [09/Sep/2017:17:00:37 +0800] "GET /api/v1.0/order/get_order_kitchen/ HTTP/1.1" 200 1909 "-" "okhttp/3.4.1"
118.6.145.59 - - [09/Sep/2017:17:00:37 +0800] "GET /api/v1.0/food/?store=2&search=&category=6&page=1&page_size=20 HTTP/1.1" 200 1782 "-" "okhttp/3.4.1"
118.6.145.59 - - [09/Sep/2017:17:00:37 +0800] "GET /api/v1.0/food/?store=2&search=&category=17&page=1&page_size=20 HTTP/1.1" 200 597 "-" "okhttp/3.4.1"
118.6.145.59 - - [09/Sep/2017:17:00:38 +0800] "GET /api/v1.0/food/?store=2&search=&category=17&page=1&page_size=20 HTTP/1.1" 200 597 "-" "okhttp/3.4.1"
118.6.145.59 - - [09/Sep/2017:17:00:42 +0800] "POST /api/v1.0/order/ HTTP/1.1" 200 438 "-" "okhttp/3.4.1"
118.6.145.59 - - [09/Sep/2017:17:00:42 +0800] "POST /api/v1.0/order_food/add_cart/ HTTP/1.1" 200 16 "-" "okhttp/3.4.1"
118.6.145.59 - - [09/Sep/2017:17:00:42 +0800] "GET /api/v1.0/order/get_food_num/?id=735 HTTP/1.1" 200 24 "-" "okhttp/3.4.1"
118.6.145.59 - - [09/Sep/2017:17:00:44 +0800] "POST /api/v1.0/order_food/add_cart/ HTTP/1.1" 200 16 "-" "okhttp/3.4.1"
118.6.145.59 - - [09/Sep/2017:17:00:44 +0800] "GET /api/v1.0/order/get_food_num/?id=735 HTTP/1.1" 200 24 "-" "okhttp/3.4.1"
182.200.65.111 - - [09/Sep/2017:17:00:45 +0800] "GET /api/v1.0/order/get_order_kitchen/ HTTP/1.1" 200 1909 "-" "okhttp/3.4.1"
118.6.145.59 - - [09/Sep/2017:17:00:45 +0800] "POST /api/v1.0/order_food/add_cart/ HTTP/1.1" 200 16 "-" "okhttp/3.4.1"
118.6.145.59 - - [09/Sep/2017:17:00:46 +0800] "GET /api/v1.0/order/get_food_num/?id=735 HTTP/1.1" 200 24 "-" "okhttp/3.4.1"
118.6.145.59 - - [09/Sep/2017:17:00:47 +0800] "GET /api/v1.0/meal/547 HTTP/1.1" 301 0 "-" "okhttp/3.4.1"
118.6.145.59 - - [09/Sep/2017:17:00:48 +0800] "GET /api/v1.0/meal/547/ HTTP/1.1" 500 17376 "-" "okhttp/3.4.1"
118.6.145.59 - - [09/Sep/2017:17:00:51 +0800] "GET /api/v1.0/meal/547 HTTP/1.1" 301 0 "-" "okhttp/3.4.1"
118.6.145.59 - - [09/Sep/2017:17:00:52 +0800] "GET /api/v1.0/meal/547/ HTTP/1.1" 500 17376 "-" "okhttp/3.4.1"
182.200.65.111 - - [09/Sep/2017:17:00:53 +0800] "GET /api/v1.0/order/get_order_kitchen/ HTTP/1.1" 200 1909 "-" "okhttp/3.4.1"
182.200.65.111 - - [09/Sep/2017:17:01:01 +0800] "GET /api/v1.0/order/get_order_kitchen/ HTTP/1.1" 200 1909 "-" "okhttp/3.4.1"
182.200.65.111 - - [09/Sep/2017:17:01:09 +0800] "GET /api/v1.0/order/get_order_kitchen/ HTTP/1.1" 200 1909 "-" "okhttp/3.4.1"
182.200.65.111 - - [09/Sep/2017:17:01:17 +0800] "GET /api/v1.0/order/get_order_kitchen/ HTTP/1.1" 200 1909 "-" "okhttp/3.4.1"
182.200.65.111 - - [09/Sep/2017:17:01:25 +0800] "GET /api/v1.0/order/get_order_kitchen/ HTTP/1.1" 200 1909 "-" "okhttp/3.4.1"
182.200.65.111 - - [09/Sep/2017:17:01:33 +0800] "GET /api/v1.0/order/get_order_kitchen/ HTTP/1.1" 200 1909 "-" "okhttp/3.4.1"
182.200.65.111 - - [09/Sep/2017:17:01:41 +0800] "GET /api/v1.0/order/get_order_kitchen/ HTTP/1.1" 200 1909 "-" "okhttp/3.4.1"
222.209.17.125 - - [09/Sep/2017:17:01:43 +0800] "GET /silk/requests/ HTTP/1.1" 302 0 "-" "Mozilla/5.0 (Macintosh; Intel Mac OS X 10_12_5) AppleWebKit/537.36 (KHTML, like Gecko) Chrome/60.0.3112.113 Safari/537.36"
222.209.17.125 - - [09/Sep/2017:17:01:43 +0800] "GET /accounts/login/?next=/silk/requests/ HTTP/1.1" 404 1052 "-" "Mozilla/5.0 (Macintosh; Intel Mac OS X 10_12_5) AppleWebKit/537.36 (KHTML, like Gecko) Chrome/60.0.3112.113 Safari/537.36"
182.200.65.111 - - [09/Sep/2017:17:01:49 +0800] "GET /api/v1.0/order/get_order_kitchen/ HTTP/1.1" 200 1909 "-" "okhttp/3.4.1"
222.209.17.125 - - [09/Sep/2017:17:01:51 +0800] "GET /admin/ HTTP/1.1" 302 0 "-" "Mozilla/5.0 (Macintosh; Intel Mac OS X 10_12_5) AppleWebKit/537.36 (KHTML, like Gecko) Chrome/60.0.3112.113 Safari/537.36"
222.209.17.125 - - [09/Sep/2017:17:01:51 +0800] "GET /admin/login/?next=/admin/ HTTP/1.1" 200 1483 "-" "Mozilla/5.0 (Macintosh; Intel Mac OS X 10_12_5) AppleWebKit/537.36 (KHTML, like Gecko) Chrome/60.0.3112.113 Safari/537.36"
222.209.17.125 - - [09/Sep/2017:17:01:54 +0800] "POST /admin/login/?next=/admin/ HTTP/1.1" 200 1604 "http://114.115.157.120:8002/admin/login/?next=/admin/" "Mozilla/5.0 (Macintosh; Intel Mac OS X 10_12_5) AppleWebKit/537.36 (KHTML, like Gecko) Chrome/60.0.3112.113 Safari/537.36"
182.200.65.111 - - [09/Sep/2017:17:01:57 +0800] "GET /api/v1.0/order/get_order_kitchen/ HTTP/1.1" 200 1909 "-" "okhttp/3.4.1"
222.209.17.125 - - [09/Sep/2017:17:01:58 +0800] "POST /admin/login/?next=/admin/ HTTP/1.1" 200 1605 "http://114.115.157.120:8002/admin/login/?next=/admin/" "Mozilla/5.0 (Macintosh; Intel Mac OS X 10_12_5) AppleWebKit/537.36 (KHTML, like Gecko) Chrome/60.0.3112.113 Safari/537.36"
222.209.17.125 - - [09/Sep/2017:17:02:03 +0800] "POST /admin/login/?next=/admin/ HTTP/1.1" 302 0 "http://114.115.157.120:8002/admin/login/?next=/admin/" "Mozilla/5.0 (Macintosh; Intel Mac OS X 10_12_5) AppleWebKit/537.36 (KHTML, like Gecko) Chrome/60.0.3112.113 Safari/537.36"
222.209.17.125 - - [09/Sep/2017:17:02:03 +0800] "GET /admin/ HTTP/1.1" 200 4884 "http://114.115.157.120:8002/admin/login/?next=/admin/" "Mozilla/5.0 (Macintosh; Intel Mac OS X 10_12_5) AppleWebKit/537.36 (KHTML, like Gecko) Chrome/60.0.3112.113 Safari/537.36"
222.209.17.125 - - [09/Sep/2017:17:02:03 +0800] "GET /static/admin/css/dashboard.css HTTP/1.1" 200 74 "http://114.115.157.120:8002/admin/" "Mozilla/5.0 (Macintosh; Intel Mac OS X 10_12_5) AppleWebKit/537.36 (KHTML, like Gecko) Chrome/60.0.3112.113 Safari/537.36"
222.209.17.125 - - [09/Sep/2017:17:02:03 +0800] "GET /static/suit/fonts/fontawesome-webfont.woff2?v=4.7.0 HTTP/1.1" 200 77160 "http://114.115.157.120:8002/static/suit/css/font-awesome.min.css" "Mozilla/5.0 (Macintosh; Intel Mac OS X 10_12_5) AppleWebKit/537.36 (KHTML, like Gecko) Chrome/60.0.3112.113 Safari/537.36"
182.200.65.111 - - [09/Sep/2017:17:02:05 +0800] "GET /api/v1.0/order/get_order_kitchen/ HTTP/1.1" 200 1909 "-" "okhttp/3.4.1"
222.209.17.125 - - [09/Sep/2017:17:02:08 +0800] "GET /silk/requests/ HTTP/1.1" 200 19062 "-" "Mozilla/5.0 (Macintosh; Intel Mac OS X 10_12_5) AppleWebKit/537.36 (KHTML, like Gecko) Chrome/60.0.3112.113 Safari/537.36"
222.209.17.125 - - [09/Sep/2017:17:02:08 +0800] "GET /static/silk/lib/jquery.datetimepicker.css HTTP/1.1" 200 17870 "http://114.115.157.120:8002/silk/requests/" "Mozilla/5.0 (Macintosh; Intel Mac OS X 10_12_5) AppleWebKit/537.36 (KHTML, like Gecko) Chrome/60.0.3112.113 Safari/537.36"
222.209.17.125 - - [09/Sep/2017:17:02:08 +0800] "GET /static/silk/css/fonts.css HTTP/1.1" 200 1585 "http://114.115.157.120:8002/silk/requests/" "Mozilla/5.0 (Macintosh; Intel Mac OS X 10_12_5) AppleWebKit/537.36 (KHTML, like Gecko) Chrome/60.0.3112.113 Safari/537.36"
222.209.17.125 - - [09/Sep/2017:17:02:08 +0800] "GET /static/silk/css/cell.css HTTP/1.1" 200 596 "http://114.115.157.120:8002/silk/requests/" "Mozilla/5.0 (Macintosh; Intel Mac OS X 10_12_5) AppleWebKit/537.36 (KHTML, like Gecko) Chrome/60.0.3112.113 Safari/537.36"
222.209.17.125 - - [09/Sep/2017:17:02:08 +0800] "GET /static/silk/css/numeric.css HTTP/1.1" 200 141 "http://114.115.157.120:8002/silk/requests/" "Mozilla/5.0 (Macintosh; Intel Mac OS X 10_12_5) AppleWebKit/537.36 (KHTML, like Gecko) Chrome/60.0.3112.113 Safari/537.36"
222.209.17.125 - - [09/Sep/2017:17:02:08 +0800] "GET /static/silk/css/colors.css HTTP/1.1" 200 204 "http://114.115.157.120:8002/silk/requests/" "Mozilla/5.0 (Macintosh; Intel Mac OS X 10_12_5) AppleWebKit/537.36 (KHTML, like Gecko) Chrome/60.0.3112.113 Safari/537.36"
222.209.17.125 - - [09/Sep/2017:17:02:08 +0800] "GET /static/silk/lib/jquery-ui-1.10.4.min.css HTTP/1.1" 200 27276 "http://114.115.157.120:8002/silk/requests/" "Mozilla/5.0 (Macintosh; Intel Mac OS X 10_12_5) AppleWebKit/537.36 (KHTML, like Gecko) Chrome/60.0.3112.113 Safari/537.36"
222.209.17.125 - - [09/Sep/2017:17:02:08 +0800] "GET /static/silk/lib/jquery.min.js HTTP/1.1" 200 84244 "http://114.115.157.120:8002/silk/requests/" "Mozilla/5.0 (Macintosh; Intel Mac OS X 10_12_5) AppleWebKit/537.36 (KHTML, like Gecko) Chrome/60.0.3112.113 Safari/537.36"
222.209.17.125 - - [09/Sep/2017:17:02:08 +0800] "GET /static/silk/js/cell.js HTTP/1.1" 200 730 "http://114.115.157.120:8002/silk/requests/" "Mozilla/5.0 (Macintosh; Intel Mac OS X 10_12_5) AppleWebKit/537.36 (KHTML, like Gecko) Chrome/60.0.3112.113 Safari/537.36"
222.209.17.125 - - [09/Sep/2017:17:02:08 +0800] "GET /static/silk/js/filters.js HTTP/1.1" 200 1308 "http://114.115.157.120:8002/silk/requests/" "Mozilla/5.0 (Macintosh; Intel Mac OS X 10_12_5) AppleWebKit/537.36 (KHTML, like Gecko) Chrome/60.0.3112.113 Safari/537.36"
222.209.17.125 - - [09/Sep/2017:17:02:08 +0800] "GET /static/silk/lib/jquery.datetimepicker.js HTTP/1.1" 200 78385 "http://114.115.157.120:8002/silk/requests/" "Mozilla/5.0 (Macintosh; Intel Mac OS X 10_12_5) AppleWebKit/537.36 (KHTML, like Gecko) Chrome/60.0.3112.113 Safari/537.36"
222.209.17.125 - - [09/Sep/2017:17:02:08 +0800] "GET /static/silk/lib/jquery-ui-1.10.4.min.js HTTP/1.1" 200 228539 "http://114.115.157.120:8002/silk/requests/" "Mozilla/5.0 (Macintosh; Intel Mac OS X 10_12_5) AppleWebKit/537.36 (KHTML, like Gecko) Chrome/60.0.3112.113 Safari/537.36"
222.209.17.125 - - [09/Sep/2017:17:02:08 +0800] "GET /static/silk/filter.png HTTP/1.1" 200 3540 "http://114.115.157.120:8002/silk/requests/" "Mozilla/5.0 (Macintosh; Intel Mac OS X 10_12_5) AppleWebKit/537.36 (KHTML, like Gecko) Chrome/60.0.3112.113 Safari/537.36"
222.209.17.125 - - [09/Sep/2017:17:02:08 +0800] "GET /static/silk/fonts/fira/FiraSans-Light.woff HTTP/1.1" 200 95406 "http://114.115.157.120:8002/static/silk/css/fonts.css" "Mozilla/5.0 (Macintosh; Intel Mac OS X 10_12_5) AppleWebKit/537.36 (KHTML, like Gecko) Chrome/60.0.3112.113 Safari/537.36"
222.209.17.125 - - [09/Sep/2017:17:02:08 +0800] "GET /static/silk/fonts/fira/FiraSans-Medium.woff HTTP/1.1" 200 89883 "http://114.115.157.120:8002/static/silk/css/fonts.css" "Mozilla/5.0 (Macintosh; Intel Mac OS X 10_12_5) AppleWebKit/537.36 (KHTML, like Gecko) Chrome/60.0.3112.113 Safari/537.36"
222.209.17.125 - - [09/Sep/2017:17:02:09 +0800] "GET /static/silk/favicon-32x32.png HTTP/1.1" 200 1811 "http://114.115.157.120:8002/silk/requests/" "Mozilla/5.0 (Macintosh; Intel Mac OS X 10_12_5) AppleWebKit/537.36 (KHTML, like Gecko) Chrome/60.0.3112.113 Safari/537.36"
222.209.17.125 - - [09/Sep/2017:17:02:09 +0800] "GET /static/silk/favicon-16x16.png HTTP/1.1" 200 825 "http://114.115.157.120:8002/silk/requests/" "Mozilla/5.0 (Macintosh; Intel Mac OS X 10_12_5) AppleWebKit/537.36 (KHTML, like Gecko) Chrome/60.0.3112.113 Safari/537.36"
182.200.65.111 - - [09/Sep/2017:17:02:13 +0800] "GET /api/v1.0/order/get_order_kitchen/ HTTP/1.1" 200 1909 "-" "okhttp/3.4.1"
222.209.17.125 - - [09/Sep/2017:17:02:16 +0800] "GET /silk/request/9868872a-643c-44e4-8654-b216ce90f48e/ HTTP/1.1" 200 2873 "http://114.115.157.120:8002/silk/requests/" "Mozilla/5.0 (Macintosh; Intel Mac OS X 10_12_5) AppleWebKit/537.36 (KHTML, like Gecko) Chrome/60.0.3112.113 Safari/537.36"
222.209.17.125 - - [09/Sep/2017:17:02:16 +0800] "GET /static/silk/css/heading.css HTTP/1.1" 200 256 "http://114.115.157.120:8002/silk/request/9868872a-643c-44e4-8654-b216ce90f48e/" "Mozilla/5.0 (Macintosh; Intel Mac OS X 10_12_5) AppleWebKit/537.36 (KHTML, like Gecko) Chrome/60.0.3112.113 Safari/537.36"
222.209.17.125 - - [09/Sep/2017:17:02:16 +0800] "GET /static/silk/lib/highlight/foundation.css HTTP/1.1" 200 1582 "http://114.115.157.120:8002/silk/request/9868872a-643c-44e4-8654-b216ce90f48e/" "Mozilla/5.0 (Macintosh; Intel Mac OS X 10_12_5) AppleWebKit/537.36 (KHTML, like Gecko) Chrome/60.0.3112.113 Safari/537.36"
222.209.17.125 - - [09/Sep/2017:17:02:16 +0800] "GET /static/silk/lib/highlight/highlight.pack.js HTTP/1.1" 200 10480 "http://114.115.157.120:8002/silk/request/9868872a-643c-44e4-8654-b216ce90f48e/" "Mozilla/5.0 (Macintosh; Intel Mac OS X 10_12_5) AppleWebKit/537.36 (KHTML, like Gecko) Chrome/60.0.3112.113 Safari/537.36"
222.209.17.125 - - [09/Sep/2017:17:02:17 +0800] "GET /static/silk/fonts/fantasque/FantasqueSansMono-Bold.woff HTTP/1.1" 200 51496 "http://114.115.157.120:8002/static/silk/css/fonts.css" "Mozilla/5.0 (Macintosh; Intel Mac OS X 10_12_5) AppleWebKit/537.36 (KHTML, like Gecko) Chrome/60.0.3112.113 Safari/537.36"
222.209.17.125 - - [09/Sep/2017:17:02:17 +0800] "GET /static/silk/fonts/fantasque/FantasqueSansMono-Regular.woff HTTP/1.1" 200 52092 "http://114.115.157.120:8002/static/silk/css/fonts.css" "Mozilla/5.0 (Macintosh; Intel Mac OS X 10_12_5) AppleWebKit/537.36 (KHTML, like Gecko) Chrome/60.0.3112.113 Safari/537.36"
222.209.17.125 - - [09/Sep/2017:17:02:17 +0800] "GET /static/silk/fonts/fira/FiraSans-LightItalic.woff HTTP/1.1" 200 98125 "http://114.115.157.120:8002/static/silk/css/fonts.css" "Mozilla/5.0 (Macintosh; Intel Mac OS X 10_12_5) AppleWebKit/537.36 (KHTML, like Gecko) Chrome/60.0.3112.113 Safari/537.36"
222.209.17.125 - - [09/Sep/2017:17:02:19 +0800] "GET /silk/request/9868872a-643c-44e4-8654-b216ce90f48e/raw/?typ=response&subtyp=raw HTTP/1.1" 200 7396 "http://114.115.157.120:8002/silk/request/9868872a-643c-44e4-8654-b216ce90f48e/" "Mozilla/5.0 (Macintosh; Intel Mac OS X 10_12_5) AppleWebKit/537.36 (KHTML, like Gecko) Chrome/60.0.3112.113 Safari/537.36"
182.200.65.111 - - [09/Sep/2017:17:02:21 +0800] "GET /api/v1.0/order/get_order_kitchen/ HTTP/1.1" 200 1909 "-" "okhttp/3.4.1"
182.200.65.111 - - [09/Sep/2017:17:02:29 +0800] "GET /api/v1.0/order/get_order_kitchen/ HTTP/1.1" 200 1909 "-" "okhttp/3.4.1"
182.200.65.111 - - [09/Sep/2017:17:02:37 +0800] "GET /api/v1.0/order/get_order_kitchen/ HTTP/1.1" 200 1909 "-" "okhttp/3.4.1"
182.200.65.111 - - [09/Sep/2017:17:02:45 +0800] "GET /api/v1.0/order/get_order_kitchen/ HTTP/1.1" 200 1909 "-" "okhttp/3.4.1"
182.200.65.111 - - [09/Sep/2017:17:02:53 +0800] "GET /api/v1.0/order/get_order_kitchen/ HTTP/1.1" 200 1909 "-" "okhttp/3.4.1"
118.6.145.59 - - [09/Sep/2017:17:02:58 +0800] "GET /api/v1.0/stores/index/?store=1 HTTP/1.1" 200 1157 "-" "okhttp/3.4.1"
118.6.145.59 - - [09/Sep/2017:17:02:59 +0800] "GET /api/v1.0/stores/1 HTTP/1.1" 301 0 "-" "okhttp/3.4.1"
118.6.145.59 - - [09/Sep/2017:17:02:59 +0800] "GET /api/v1.0/stores/1/ HTTP/1.1" 200 399 "-" "okhttp/3.4.1"
118.6.145.59 - - [09/Sep/2017:17:02:59 +0800] "GET /api/v1.0/desk/1 HTTP/1.1" 301 0 "-" "okhttp/3.4.1"
118.6.145.59 - - [09/Sep/2017:17:03:00 +0800] "GET /api/v1.0/desk/1/ HTTP/1.1" 200 108 "-" "okhttp/3.4.1"
118.6.145.59 - - [09/Sep/2017:17:03:00 +0800] "GET /api/v1.0/foodcategory/?store=1 HTTP/1.1" 200 276 "-" "okhttp/3.4.1"
118.6.145.59 - - [09/Sep/2017:17:03:00 +0800] "GET /api/v1.0/food/?store=1&order=664&search=&category=1&page=1&page_size=20 HTTP/1.1" 200 994 "-" "okhttp/3.4.1"
118.6.145.59 - - [09/Sep/2017:17:03:01 +0800] "GET /api/v1.0/food/?store=1&order=664&search=&category=1&page=1&page_size=20 HTTP/1.1" 200 994 "-" "okhttp/3.4.1"
118.6.145.59 - - [09/Sep/2017:17:03:01 +0800] "GET /api/v1.0/order/get_food_num/?id=664 HTTP/1.1" 200 24 "-" "okhttp/3.4.1"
118.6.145.59 - - [09/Sep/2017:17:03:01 +0800] "GET /api/v1.0/food/?store=1&order=664&search=&category=2&page=1&page_size=20 HTTP/1.1" 200 994 "-" "okhttp/3.4.1"
118.6.145.59 - - [09/Sep/2017:17:03:01 +0800] "GET /api/v1.0/order/get_food_num/?id=664 HTTP/1.1" 200 24 "-" "okhttp/3.4.1"
118.6.145.59 - - [09/Sep/2017:17:03:01 +0800] "GET /api/v1.0/order/get_food_num/?id=664 HTTP/1.1" 200 24 "-" "okhttp/3.4.1"
182.200.65.111 - - [09/Sep/2017:17:03:01 +0800] "GET /api/v1.0/order/get_order_kitchen/ HTTP/1.1" 200 1909 "-" "okhttp/3.4.1"
118.6.145.59 - - [09/Sep/2017:17:03:02 +0800] "GET /api/v1.0/coupon/?store=1 HTTP/1.1" 200 4471 "-" "okhttp/3.4.1"
118.6.145.59 - - [09/Sep/2017:17:03:03 +0800] "GET /api/v1.0/food/?store=1&order=664&search=&category=1&page=1&page_size=20 HTTP/1.1" 200 994 "-" "okhttp/3.4.1"
118.6.145.59 - - [09/Sep/2017:17:03:03 +0800] "GET /api/v1.0/order/get_food_num/?id=664 HTTP/1.1" 200 24 "-" "okhttp/3.4.1"
118.6.145.59 - - [09/Sep/2017:17:03:05 +0800] "GET /api/v1.0/meal/654 HTTP/1.1" 301 0 "-" "okhttp/3.4.1"
118.6.145.59 - - [09/Sep/2017:17:03:05 +0800] "GET /api/v1.0/meal/654/ HTTP/1.1" 500 17376 "-" "okhttp/3.4.1"
118.6.145.59 - - [09/Sep/2017:17:03:08 +0800] "GET /api/v1.0/meal/654 HTTP/1.1" 301 0 "-" "okhttp/3.4.1"
118.6.145.59 - - [09/Sep/2017:17:03:08 +0800] "GET /api/v1.0/meal/654/ HTTP/1.1" 500 17376 "-" "okhttp/3.4.1"
182.200.65.111 - - [09/Sep/2017:17:03:09 +0800] "GET /api/v1.0/order/get_order_kitchen/ HTTP/1.1" 200 1909 "-" "okhttp/3.4.1"
118.6.145.59 - - [09/Sep/2017:17:03:10 +0800] "GET /api/v1.0/food/?store=1&order=664&search=&category=2&page=1&page_size=20 HTTP/1.1" 200 994 "-" "okhttp/3.4.1"
118.6.145.59 - - [09/Sep/2017:17:03:10 +0800] "GET /api/v1.0/order/get_food_num/?id=664 HTTP/1.1" 200 24 "-" "okhttp/3.4.1"
182.200.65.111 - - [09/Sep/2017:17:03:17 +0800] "GET /api/v1.0/order/get_order_kitchen/ HTTP/1.1" 200 1909 "-" "okhttp/3.4.1"
182.200.65.111 - - [09/Sep/2017:17:03:25 +0800] "GET /api/v1.0/order/get_order_kitchen/ HTTP/1.1" 200 1909 "-" "okhttp/3.4.1"
118.6.145.59 - - [09/Sep/2017:17:03:29 +0800] "GET /api/v1.0/food/?store=1&order=664&search=&category=1&page=1&page_size=20 HTTP/1.1" 200 994 "-" "okhttp/3.4.1"
118.6.145.59 - - [09/Sep/2017:17:03:29 +0800] "GET /api/v1.0/order/get_food_num/?id=664 HTTP/1.1" 200 24 "-" "okhttp/3.4.1"
118.6.145.59 - - [09/Sep/2017:17:03:30 +0800] "GET /api/v1.0/food/?store=1&order=664&search=&category=1&page=1&page_size=20 HTTP/1.1" 200 994 "-" "okhttp/3.4.1"
118.6.145.59 - - [09/Sep/2017:17:03:30 +0800] "GET /api/v1.0/order/get_food_num/?id=664 HTTP/1.1" 200 24 "-" "okhttp/3.4.1"
118.6.145.59 - - [09/Sep/2017:17:03:32 +0800] "GET /api/v1.0/meal/654 HTTP/1.1" 301 0 "-" "okhttp/3.4.1"
118.6.145.59 - - [09/Sep/2017:17:03:33 +0800] "GET /api/v1.0/meal/654/ HTTP/1.1" 500 17376 "-" "okhttp/3.4.1"
182.200.65.111 - - [09/Sep/2017:17:03:33 +0800] "GET /api/v1.0/order/get_order_kitchen/ HTTP/1.1" 200 1909 "-" "okhttp/3.4.1"
118.6.145.59 - - [09/Sep/2017:17:03:35 +0800] "GET /api/v1.0/food/?store=1&order=664&search=&category=1&page=1&page_size=20 HTTP/1.1" 200 994 "-" "okhttp/3.4.1"
118.6.145.59 - - [09/Sep/2017:17:03:35 +0800] "GET /api/v1.0/order/get_food_num/?id=664 HTTP/1.1" 200 24 "-" "okhttp/3.4.1"
118.6.145.59 - - [09/Sep/2017:17:03:37 +0800] "GET /api/v1.0/food/?store=1&order=664&search=&category=1&page=1&page_size=20 HTTP/1.1" 200 994 "-" "okhttp/3.4.1"
118.6.145.59 - - [09/Sep/2017:17:03:37 +0800] "GET /api/v1.0/order/get_food_num/?id=664 HTTP/1.1" 200 24 "-" "okhttp/3.4.1"
118.6.145.59 - - [09/Sep/2017:17:03:37 +0800] "GET /api/v1.0/meal/654 HTTP/1.1" 301 0 "-" "okhttp/3.4.1"
118.6.145.59 - - [09/Sep/2017:17:03:38 +0800] "GET /api/v1.0/meal/654/ HTTP/1.1" 500 17376 "-" "okhttp/3.4.1"
182.200.65.111 - - [09/Sep/2017:17:03:41 +0800] "GET /api/v1.0/order/get_order_kitchen/ HTTP/1.1" 200 1909 "-" "okhttp/3.4.1"
182.200.65.111 - - [09/Sep/2017:17:03:49 +0800] "GET /api/v1.0/order/get_order_kitchen/ HTTP/1.1" 200 1909 "-" "okhttp/3.4.1"
182.200.65.111 - - [09/Sep/2017:17:03:57 +0800] "GET /api/v1.0/order/get_order_kitchen/ HTTP/1.1" 200 1909 "-" "okhttp/3.4.1"
182.200.65.111 - - [09/Sep/2017:17:04:05 +0800] "GET /api/v1.0/order/get_order_kitchen/ HTTP/1.1" 200 1909 "-" "okhttp/3.4.1"
222.209.17.125 - - [09/Sep/2017:17:04:07 +0800] "GET /api/v1.0/meal/547/ HTTP/1.1" 500 141255 "-" "Mozilla/5.0 (Macintosh; Intel Mac OS X 10_12_5) AppleWebKit/537.36 (KHTML, like Gecko) Chrome/60.0.3112.113 Safari/537.36"
182.200.65.111 - - [09/Sep/2017:17:04:12 +0800] "GET /api/v1.0/order/get_order_kitchen/?kitchen=3 HTTP/1.1" 500 18390 "-" "okhttp/3.4.1"
182.200.65.111 - - [09/Sep/2017:17:04:13 +0800] "GET /api/v1.0/order/get_order_kitchen/?kitchen=3 HTTP/1.1" 500 18390 "-" "okhttp/3.4.1"
182.200.65.111 - - [09/Sep/2017:17:04:16 +0800] "GET /api/v1.0/order/get_order_kitchen/?kitchen=4 HTTP/1.1" 500 18390 "-" "okhttp/3.4.1"
182.200.65.111 - - [09/Sep/2017:17:04:21 +0800] "GET /api/v1.0/order/get_order_kitchen/?kitchen=4 HTTP/1.1" 500 18390 "-" "okhttp/3.4.1"
118.6.145.59 - - [09/Sep/2017:17:04:26 +0800] "GET /api/v1.0/food/?store=1&order=664&search=&category=1&page=1&page_size=20 HTTP/1.1" 200 994 "-" "okhttp/3.4.1"
118.6.145.59 - - [09/Sep/2017:17:04:26 +0800] "GET /api/v1.0/order/get_food_num/?id=664 HTTP/1.1" 200 24 "-" "okhttp/3.4.1"
118.6.145.59 - - [09/Sep/2017:17:04:28 +0800] "GET /api/v1.0/food/?store=1&order=664&search=&category=1&page=1&page_size=20 HTTP/1.1" 200 994 "-" "okhttp/3.4.1"
118.6.145.59 - - [09/Sep/2017:17:04:29 +0800] "GET /api/v1.0/order/get_food_num/?id=664 HTTP/1.1" 200 24 "-" "okhttp/3.4.1"
118.6.145.59 - - [09/Sep/2017:17:04:30 +0800] "GET /api/v1.0/meal/654 HTTP/1.1" 301 0 "-" "okhttp/3.4.1"
118.6.145.59 - - [09/Sep/2017:17:04:31 +0800] "GET /api/v1.0/meal/654/ HTTP/1.1" 500 17368 "-" "okhttp/3.4.1"
222.209.17.125 - - [09/Sep/2017:17:05:24 +0800] "GET /api/v1.0/meal/547/ HTTP/1.1" 200 5098 "-" "Mozilla/5.0 (Macintosh; Intel Mac OS X 10_12_5) AppleWebKit/537.36 (KHTML, like Gecko) Chrome/60.0.3112.113 Safari/537.36"
118.6.145.59 - - [09/Sep/2017:17:05:47 +0800] "GET /api/v1.0/meal/get_last_meal/ HTTP/1.1" 200 34 "-" "okhttp/3.4.1"
118.6.145.59 - - [09/Sep/2017:17:05:47 +0800] "GET /api/v1.0/userprofile/me/ HTTP/1.1" 200 185 "-" "okhttp/3.4.1"
118.6.145.59 - - [09/Sep/2017:17:05:47 +0800] "GET /api/v1.0/stores/?search=&page=1&page_size=20 HTTP/1.1" 200 2622 "-" "okhttp/3.4.1"
118.6.145.59 - - [09/Sep/2017:17:05:47 +0800] "GET /api/v1.0/store_favorite/?user=10&search=&page=1&page_size=20 HTTP/1.1" 200 1367 "-" "okhttp/3.4.1"
118.6.145.59 - - [09/Sep/2017:17:05:48 +0800] "GET /api/v1.0/store_category/ HTTP/1.1" 200 169 "-" "okhttp/3.4.1"
182.200.65.111 - - [09/Sep/2017:17:06:55 +0800] "GET /api/v1.0/food/?store=1&order=694&search=&category=2&page=1&page_size=20 HTTP/1.1" 200 994 "-" "okhttp/3.4.1"
182.200.65.111 - - [09/Sep/2017:17:06:55 +0800] "GET /api/v1.0/food/?store=1&order=694&search=&category=4&page=1&page_size=20 HTTP/1.1" 200 630 "-" "okhttp/3.4.1"
182.200.65.111 - - [09/Sep/2017:17:06:55 +0800] "GET /api/v1.0/food/?store=1&order=694&search=&category=3&page=1&page_size=20 HTTP/1.1" 200 1899 "-" "okhttp/3.4.1"
182.200.65.111 - - [09/Sep/2017:17:06:55 +0800] "GET /api/v1.0/order/get_food_num/?id=694 HTTP/1.1" 200 24 "-" "okhttp/3.4.1"
182.200.65.111 - - [09/Sep/2017:17:06:55 +0800] "GET /api/v1.0/order/get_food_num/?id=694 HTTP/1.1" 200 24 "-" "okhttp/3.4.1"
182.200.65.111 - - [09/Sep/2017:17:06:55 +0800] "GET /api/v1.0/order/get_food_num/?id=694 HTTP/1.1" 200 24 "-" "okhttp/3.4.1"
182.200.65.111 - - [09/Sep/2017:17:06:56 +0800] "GET /api/v1.0/food/?store=1&order=694&search=&category=3&page=1&page_size=20 HTTP/1.1" 200 1899 "-" "okhttp/3.4.1"
182.200.65.111 - - [09/Sep/2017:17:06:56 +0800] "GET /api/v1.0/order/get_food_num/?id=694 HTTP/1.1" 200 24 "-" "okhttp/3.4.1"
182.200.65.111 - - [09/Sep/2017:17:06:59 +0800] "GET /api/v1.0/meal/678 HTTP/1.1" 301 0 "-" "okhttp/3.4.1"
182.200.65.111 - - [09/Sep/2017:17:07:00 +0800] "GET /api/v1.0/meal/678/ HTTP/1.1" 200 2361 "-" "okhttp/3.4.1"
182.200.65.111 - - [09/Sep/2017:17:07:00 +0800] "GET /files/food/bandicam_2017-06-05_09-52-30-014.jpg HTTP/1.1" 200 103324 "-" "Dalvik/2.1.0 (Linux; U; Android 5.0.2; vivo Y35 Build/LRX21M)"
182.200.65.111 - - [09/Sep/2017:17:07:01 +0800] "GET /api/v1.0/coupon/my_coupon/?store=1 HTTP/1.1" 200 7344 "-" "okhttp/3.4.1"
182.200.65.111 - - [09/Sep/2017:17:07:29 +0800] "GET /api/v1.0/stores/index/?store=1 HTTP/1.1" 200 1157 "-" "okhttp/3.4.1"
182.200.65.111 - - [09/Sep/2017:17:07:29 +0800] "GET /api/v1.0/foodcategory/?store=1 HTTP/1.1" 200 276 "-" "okhttp/3.4.1"
182.200.65.111 - - [09/Sep/2017:17:07:30 +0800] "GET /api/v1.0/stores/1 HTTP/1.1" 301 0 "-" "okhttp/3.4.1"
182.200.65.111 - - [09/Sep/2017:17:07:30 +0800] "GET /api/v1.0/stores/1/ HTTP/1.1" 200 400 "-" "okhttp/3.4.1"
182.200.65.111 - - [09/Sep/2017:17:07:30 +0800] "GET /api/v1.0/food/?store=1&search=&category=1&page=1&page_size=20 HTTP/1.1" 200 994 "-" "okhttp/3.4.1"
182.200.65.111 - - [09/Sep/2017:17:07:30 +0800] "GET /api/v1.0/food/?store=1&search=&category=1&page=1&page_size=20 HTTP/1.1" 200 994 "-" "okhttp/3.4.1"
182.200.65.111 - - [09/Sep/2017:17:07:30 +0800] "GET /api/v1.0/desk/1 HTTP/1.1" 301 0 "-" "okhttp/3.4.1"
182.200.65.111 - - [09/Sep/2017:17:07:30 +0800] "GET /api/v1.0/desk/1/ HTTP/1.1" 200 108 "-" "okhttp/3.4.1"
182.200.65.111 - - [09/Sep/2017:17:07:30 +0800] "GET /api/v1.0/food/?store=1&search=&category=2&page=1&page_size=20 HTTP/1.1" 200 994 "-" "okhttp/3.4.1"
182.200.65.111 - - [09/Sep/2017:17:07:30 +0800] "GET /api/v1.0/food/?store=1&search=&category=2&page=1&page_size=20 HTTP/1.1" 200 994 "-" "okhttp/3.4.1"
182.200.65.111 - - [09/Sep/2017:17:07:30 +0800] "GET /api/v1.0/order/get_food_num/?id=694 HTTP/1.1" 200 24 "-" "okhttp/3.4.1"
182.200.65.111 - - [09/Sep/2017:17:07:30 +0800] "GET /api/v1.0/order/get_food_num/?id=694 HTTP/1.1" 200 24 "-" "okhttp/3.4.1"
182.200.65.111 - - [09/Sep/2017:17:07:31 +0800] "GET /api/v1.0/order/get_food_num/?id=694 HTTP/1.1" 200 24 "-" "okhttp/3.4.1"
182.200.65.111 - - [09/Sep/2017:17:07:31 +0800] "GET /api/v1.0/order/get_food_num/?id=694 HTTP/1.1" 200 24 "-" "okhttp/3.4.1"
182.200.65.111 - - [09/Sep/2017:17:07:31 +0800] "GET /api/v1.0/meal/678 HTTP/1.1" 301 0 "-" "okhttp/3.4.1"
182.200.65.111 - - [09/Sep/2017:17:07:32 +0800] "GET /api/v1.0/meal/678/ HTTP/1.1" 200 2361 "-" "okhttp/3.4.1"
182.200.65.111 - - [09/Sep/2017:17:07:32 +0800] "GET /api/v1.0/coupon/my_coupon/?store=1 HTTP/1.1" 200 7344 "-" "okhttp/3.4.1"
182.200.65.111 - - [09/Sep/2017:17:07:43 +0800] "POST /api/v1.0/order/clear_order_food/ HTTP/1.1" 200 16 "-" "okhttp/3.4.1"
182.200.65.111 - - [09/Sep/2017:17:07:43 +0800] "GET /api/v1.0/meal/678 HTTP/1.1" 301 0 "-" "okhttp/3.4.1"
182.200.65.111 - - [09/Sep/2017:17:07:43 +0800] "GET /api/v1.0/meal/678/ HTTP/1.1" 200 1751 "-" "okhttp/3.4.1"
182.200.65.111 - - [09/Sep/2017:17:07:45 +0800] "POST /api/v1.0/meal/end_meal/ HTTP/1.1" 200 16 "-" "okhttp/3.4.1"
182.200.65.111 - - [09/Sep/2017:17:07:46 +0800] "GET /api/v1.0/food/?store=1&search=&category=1&page=1&page_size=20 HTTP/1.1" 200 994 "-" "okhttp/3.4.1"
182.200.65.111 - - [09/Sep/2017:17:07:49 +0800] "GET /api/v1.0/coupon/?store=1 HTTP/1.1" 200 4470 "-" "okhttp/3.4.1"
182.200.65.111 - - [09/Sep/2017:17:07:49 +0800] "GET /files/show_img/bandicam_2017-06-05_09-51-11-201.jpg HTTP/1.1" 200 123220 "-" "Dalvik/2.1.0 (Linux; U; Android 5.0.2; vivo Y35 Build/LRX21M)"
182.200.65.111 - - [09/Sep/2017:17:07:50 +0800] "GET /api/v1.0/food/?store=1&search=&category=1&page=1&page_size=20 HTTP/1.1" 200 994 "-" "okhttp/3.4.1"
182.200.65.111 - - [09/Sep/2017:17:07:50 +0800] "POST /api/v1.0/meal/get_all_meal_by_user/ HTTP/1.1" 200 753 "-" "okhttp/3.4.1"
182.200.65.111 - - [09/Sep/2017:17:07:54 +0800] "GET /api/v1.0/desk/?store=1&search=2 HTTP/1.1" 200 161 "-" "okhttp/3.4.1"
182.200.65.111 - - [09/Sep/2017:17:07:55 +0800] "GET /api/v1.0/desk/is_use/?desk=8 HTTP/1.1" 200 15 "-" "okhttp/3.4.1"
182.200.65.111 - - [09/Sep/2017:17:07:57 +0800] "POST /api/v1.0/meal/start_meal/ HTTP/1.1" 200 81 "-" "okhttp/3.4.1"
182.200.65.111 - - [09/Sep/2017:17:07:57 +0800] "POST /api/v1.0/order_food/add_cart/ HTTP/1.1" 200 16 "-" "okhttp/3.4.1"
182.200.65.111 - - [09/Sep/2017:17:07:58 +0800] "GET /api/v1.0/order/get_food_num/?id=736 HTTP/1.1" 200 24 "-" "okhttp/3.4.1"
182.200.65.111 - - [09/Sep/2017:17:07:59 +0800] "GET /api/v1.0/meal/708 HTTP/1.1" 301 0 "-" "okhttp/3.4.1"
182.200.65.111 - - [09/Sep/2017:17:07:59 +0800] "GET /api/v1.0/meal/708/ HTTP/1.1" 200 1308 "-" "okhttp/3.4.1"
182.200.65.111 - - [09/Sep/2017:17:08:00 +0800] "GET /api/v1.0/coupon/my_coupon/?store=1 HTTP/1.1" 200 7344 "-" "okhttp/3.4.1"
182.200.65.111 - - [09/Sep/2017:17:08:05 +0800] "POST /api/v1.0/meal/add_user/ HTTP/1.1" 200 16 "-" "okhttp/3.4.1"
182.200.65.111 - - [09/Sep/2017:17:08:05 +0800] "GET /api/v1.0/pay/get_current/?store=1 HTTP/1.1" 200 114 "-" "okhttp/3.4.1"
182.200.65.111 - - [09/Sep/2017:17:08:08 +0800] "POST /api/v1.0/pay/pay/ HTTP/1.1" 200 16 "-" "okhttp/3.4.1"
182.200.65.111 - - [09/Sep/2017:17:08:08 +0800] "GET /api/v1.0/meal/708 HTTP/1.1" 301 0 "-" "okhttp/3.4.1"
182.200.65.111 - - [09/Sep/2017:17:08:08 +0800] "GET /api/v1.0/meal/708/ HTTP/1.1" 200 1331 "-" "okhttp/3.4.1"
118.6.145.59 - - [09/Sep/2017:17:08:28 +0800] "GET /api/v1.0/store_category/ HTTP/1.1" 200 169 "-" "okhttp/3.4.1"
118.6.145.59 - - [09/Sep/2017:17:08:29 +0800] "GET /api/v1.0/stores/?search=&page=1&page_size=20 HTTP/1.1" 200 2622 "-" "okhttp/3.4.1"
118.6.145.59 - - [09/Sep/2017:17:08:33 +0800] "GET /api/v1.0/stores/index/?store=5 HTTP/1.1" 200 741 "-" "okhttp/3.4.1"
118.6.145.59 - - [09/Sep/2017:17:08:34 +0800] "GET /api/v1.0/foodcategory/?store=5 HTTP/1.1" 200 274 "-" "okhttp/3.4.1"
118.6.145.59 - - [09/Sep/2017:17:08:34 +0800] "GET /api/v1.0/stores/5 HTTP/1.1" 301 0 "-" "okhttp/3.4.1"
182.200.65.111 - - [09/Sep/2017:17:08:34 +0800] "GET /admin/user/abstractuser/ HTTP/1.1" 302 0 "http://114.115.157.120:8002/admin/user/desk/7/change/" "Mozilla/5.0 (Windows NT 10.0; WOW64) AppleWebKit/537.36 (KHTML, like Gecko) Chrome/60.0.3112.101 Safari/537.36"
118.6.145.59 - - [09/Sep/2017:17:08:34 +0800] "GET /api/v1.0/food/?store=5&search=&category=13&page=1&page_size=20 HTTP/1.1" 200 2753 "-" "okhttp/3.4.1"
182.200.65.111 - - [09/Sep/2017:17:08:34 +0800] "GET /admin/login/?next=/admin/user/abstractuser/ HTTP/1.1" 200 1494 "http://114.115.157.120:8002/admin/user/desk/7/change/" "Mozilla/5.0 (Windows NT 10.0; WOW64) AppleWebKit/537.36 (KHTML, like Gecko) Chrome/60.0.3112.101 Safari/537.36"
182.200.65.111 - - [09/Sep/2017:17:08:34 +0800] "GET /static/admin/css/login.css HTTP/1.1" 200 74 "http://114.115.157.120:8002/admin/login/?next=/admin/user/abstractuser/" "Mozilla/5.0 (Windows NT 10.0; WOW64) AppleWebKit/537.36 (KHTML, like Gecko) Chrome/60.0.3112.101 Safari/537.36"
182.200.65.111 - - [09/Sep/2017:17:08:34 +0800] "GET /static/suit/js/suit.js HTTP/1.1" 200 7609 "http://114.115.157.120:8002/admin/login/?next=/admin/user/abstractuser/" "Mozilla/5.0 (Windows NT 10.0; WOW64) AppleWebKit/537.36 (KHTML, like Gecko) Chrome/60.0.3112.101 Safari/537.36"
182.200.65.111 - - [09/Sep/2017:17:08:34 +0800] "GET /static/suit/css/font-awesome.min.css HTTP/1.1" 200 31000 "http://114.115.157.120:8002/admin/login/?next=/admin/user/abstractuser/" "Mozilla/5.0 (Windows NT 10.0; WOW64) AppleWebKit/537.36 (KHTML, like Gecko) Chrome/60.0.3112.101 Safari/537.36"
118.6.145.59 - - [09/Sep/2017:17:08:35 +0800] "GET /api/v1.0/food/?store=5&search=&category=14&page=1&page_size=20 HTTP/1.1" 200 3885 "-" "okhttp/3.4.1"
182.200.65.111 - - [09/Sep/2017:17:08:35 +0800] "GET /static/suit/css/suit.css HTTP/1.1" 200 524147 "http://114.115.157.120:8002/admin/login/?next=/admin/user/abstractuser/" "Mozilla/5.0 (Windows NT 10.0; WOW64) AppleWebKit/537.36 (KHTML, like Gecko) Chrome/60.0.3112.101 Safari/537.36"
118.6.145.59 - - [09/Sep/2017:17:08:35 +0800] "GET /api/v1.0/stores/5/ HTTP/1.1" 200 358 "-" "okhttp/3.4.1"
118.6.145.59 - - [09/Sep/2017:17:08:35 +0800] "GET /api/v1.0/food/?store=5&search=&category=14&page=1&page_size=20 HTTP/1.1" 200 3885 "-" "okhttp/3.4.1"
118.6.145.59 - - [09/Sep/2017:17:08:35 +0800] "GET /api/v1.0/desk/6 HTTP/1.1" 301 0 "-" "okhttp/3.4.1"
182.200.65.111 - - [09/Sep/2017:17:08:35 +0800] "GET /favicon.ico HTTP/1.1" 404 1035 "http://114.115.157.120:8002/admin/login/?next=/admin/user/abstractuser/" "Mozilla/5.0 (Windows NT 10.0; WOW64) AppleWebKit/537.36 (KHTML, like Gecko) Chrome/60.0.3112.101 Safari/537.36"
118.6.145.59 - - [09/Sep/2017:17:08:35 +0800] "GET /api/v1.0/desk/6/ HTTP/1.1" 200 107 "-" "okhttp/3.4.1"
118.6.145.59 - - [09/Sep/2017:17:08:35 +0800] "GET /api/v1.0/order/get_food_num/?id=691 HTTP/1.1" 200 24 "-" "okhttp/3.4.1"
118.6.145.59 - - [09/Sep/2017:17:08:37 +0800] "GET /api/v1.0/food/?store=5&search=&category=13&page=1&page_size=20 HTTP/1.1" 200 2753 "-" "okhttp/3.4.1"
118.6.145.59 - - [09/Sep/2017:17:08:37 +0800] "GET /api/v1.0/order/get_food_num/?id=691 HTTP/1.1" 200 24 "-" "okhttp/3.4.1"
118.6.145.59 - - [09/Sep/2017:17:08:40 +0800] "GET /api/v1.0/coupon/?store=5 HTTP/1.1" 200 3919 "-" "okhttp/3.4.1"
118.6.145.59 - - [09/Sep/2017:17:08:40 +0800] "GET /files/store_ad/timg_6.jpg HTTP/1.1" 200 42269 "-" "Dalvik/2.1.0 (Linux; U; Android 6.0.1; SOV34 Build/39.0.C.1.24)"
118.6.145.59 - - [09/Sep/2017:17:08:40 +0800] "GET /api/v1.0/food/?store=5&order=691&search=&category=13&page=1&page_size=20 HTTP/1.1" 200 2753 "-" "okhttp/3.4.1"
118.6.145.59 - - [09/Sep/2017:17:08:41 +0800] "GET /api/v1.0/order/get_food_num/?id=691 HTTP/1.1" 200 24 "-" "okhttp/3.4.1"
118.6.145.59 - - [09/Sep/2017:17:08:41 +0800] "GET /api/v1.0/meal/677 HTTP/1.1" 301 0 "-" "okhttp/3.4.1"
118.6.145.59 - - [09/Sep/2017:17:08:42 +0800] "GET /api/v1.0/meal/677/ HTTP/1.1" 200 6068 "-" "okhttp/3.4.1"
118.6.145.59 - - [09/Sep/2017:17:08:43 +0800] "GET /files/store_ad/BearyChat_20170620145856.png HTTP/1.1" 200 796840 "-" "Dalvik/2.1.0 (Linux; U; Android 6.0.1; SOV34 Build/39.0.C.1.24)"
118.6.145.59 - - [09/Sep/2017:17:08:43 +0800] "GET /files/food/bandicam_2017-06-20_14-33-56-221.jpg HTTP/1.1" 200 42284 "-" "Dalvik/2.1.0 (Linux; U; Android 6.0.1; SOV34 Build/39.0.C.1.24)"
118.6.145.59 - - [09/Sep/2017:17:08:43 +0800] "GET /files/food/bandicam_2017-06-20_14-34-13-106.jpg HTTP/1.1" 200 32179 "-" "Dalvik/2.1.0 (Linux; U; Android 6.0.1; SOV34 Build/39.0.C.1.24)"
118.6.145.59 - - [09/Sep/2017:17:08:44 +0800] "GET /files/food/bandicam_2017-06-20_14-35-56-211.jpg HTTP/1.1" 200 24823 "-" "Dalvik/2.1.0 (Linux; U; Android 6.0.1; SOV34 Build/39.0.C.1.24)"
118.6.145.59 - - [09/Sep/2017:17:08:46 +0800] "GET /api/v1.0/meal/677 HTTP/1.1" 301 0 "-" "okhttp/3.4.1"
118.6.145.59 - - [09/Sep/2017:17:08:47 +0800] "GET /api/v1.0/meal/677/ HTTP/1.1" 200 6068 "-" "okhttp/3.4.1"
118.6.145.59 - - [09/Sep/2017:17:08:58 +0800] "GET /files/store_ad/BearyChat_20170620145843.png HTTP/1.1" 200 553145 "-" "Dalvik/2.1.0 (Linux; U; Android 6.0.1; SOV34 Build/39.0.C.1.24)"
118.6.145.59 - - [09/Sep/2017:17:09:16 +0800] "POST /api/v1.0/meal/end_meal/ HTTP/1.1" 403 110 "-" "okhttp/3.4.1"
118.6.145.59 - - [09/Sep/2017:17:09:17 +0800] "POST /api/v1.0/meal/end_meal/ HTTP/1.1" 403 110 "-" "okhttp/3.4.1"
182.200.65.111 - - [09/Sep/2017:17:10:25 +0800] "GET /api/v1.0/foodcategory/?store=5 HTTP/1.1" 200 274 "-" "okhttp/3.4.1"
182.200.65.111 - - [09/Sep/2017:17:10:25 +0800] "GET /api/v1.0/stores/index/?store=5 HTTP/1.1" 200 672 "-" "okhttp/3.4.1"
182.200.65.111 - - [09/Sep/2017:17:10:25 +0800] "GET /api/v1.0/food/?store=5&search=&category=13&page=1&page_size=20 HTTP/1.1" 200 2753 "-" "okhttp/3.4.1"
182.200.65.111 - - [09/Sep/2017:17:10:25 +0800] "GET /api/v1.0/food/?store=5&search=&category=13&page=1&page_size=20 HTTP/1.1" 200 2753 "-" "okhttp/3.4.1"
182.200.65.111 - - [09/Sep/2017:17:10:25 +0800] "GET /api/v1.0/stores/5 HTTP/1.1" 301 0 "-" "okhttp/3.4.1"
182.200.65.111 - - [09/Sep/2017:17:10:26 +0800] "GET /api/v1.0/stores/5/ HTTP/1.1" 200 357 "-" "okhttp/3.4.1"
182.200.65.111 - - [09/Sep/2017:17:10:26 +0800] "GET /api/v1.0/food/?store=5&search=&category=14&page=1&page_size=20 HTTP/1.1" 200 3885 "-" "okhttp/3.4.1"
182.200.65.111 - - [09/Sep/2017:17:10:26 +0800] "GET /api/v1.0/food/?store=5&search=&category=14&page=1&page_size=20 HTTP/1.1" 200 3885 "-" "okhttp/3.4.1"
182.200.65.111 - - [09/Sep/2017:17:10:26 +0800] "GET /files/store_ad/timg_6.jpg HTTP/1.1" 200 42269 "-" "Dalvik/2.1.0 (Linux; U; Android 5.0.2; vivo Y35 Build/LRX21M)"
182.200.65.111 - - [09/Sep/2017:17:10:26 +0800] "GET /files/store_ad/BearyChat_20170620145843.png HTTP/1.1" 200 553145 "-" "Dalvik/2.1.0 (Linux; U; Android 5.0.2; vivo Y35 Build/LRX21M)"
182.200.65.111 - - [09/Sep/2017:17:10:27 +0800] "GET /files/store_ad/BearyChat_20170620145856.png HTTP/1.1" 200 796840 "-" "Dalvik/2.1.0 (Linux; U; Android 5.0.2; vivo Y35 Build/LRX21M)"
182.200.65.111 - - [09/Sep/2017:17:10:30 +0800] "GET /api/v1.0/food/?store=5&search=&category=13&page=1&page_size=20 HTTP/1.1" 200 2753 "-" "okhttp/3.4.1"
182.200.65.111 - - [09/Sep/2017:17:10:31 +0800] "GET /files/food/bandicam_2017-06-20_14-33-56-221.jpg HTTP/1.1" 200 42284 "-" "Dalvik/2.1.0 (Linux; U; Android 5.0.2; vivo Y35 Build/LRX21M)"
182.200.65.111 - - [09/Sep/2017:17:10:31 +0800] "GET /files/food/bandicam_2017-06-20_14-34-13-106.jpg HTTP/1.1" 200 32179 "-" "Dalvik/2.1.0 (Linux; U; Android 5.0.2; vivo Y35 Build/LRX21M)"
182.200.65.111 - - [09/Sep/2017:17:10:34 +0800] "GET /api/v1.0/food/?store=5&search=&category=15&page=1&page_size=20 HTTP/1.1" 200 2769 "-" "okhttp/3.4.1"
182.200.65.111 - - [09/Sep/2017:17:10:34 +0800] "GET /files/food/bandicam_2017-06-20_14-36-59-459.jpg HTTP/1.1" 200 21684 "-" "Dalvik/2.1.0 (Linux; U; Android 5.0.2; vivo Y35 Build/LRX21M)"
182.200.65.111 - - [09/Sep/2017:17:10:34 +0800] "GET /api/v1.0/food/?store=5&search=&category=14&page=1&page_size=20 HTTP/1.1" 200 3885 "-" "okhttp/3.4.1"
182.200.65.111 - - [09/Sep/2017:17:10:34 +0800] "GET /files/food/bandicam_2017-06-20_14-33-15-510_dBdK9q9.jpg HTTP/1.1" 200 39988 "-" "Dalvik/2.1.0 (Linux; U; Android 5.0.2; vivo Y35 Build/LRX21M)"
182.200.65.111 - - [09/Sep/2017:17:10:34 +0800] "GET /api/v1.0/food/?store=5&search=&category=15&page=1&page_size=20 HTTP/1.1" 200 2769 "-" "okhttp/3.4.1"
182.200.65.111 - - [09/Sep/2017:17:10:34 +0800] "GET /files/food/bandicam_2017-06-20_14-35-56-211.jpg HTTP/1.1" 200 24823 "-" "Dalvik/2.1.0 (Linux; U; Android 5.0.2; vivo Y35 Build/LRX21M)"
182.200.65.111 - - [09/Sep/2017:17:10:34 +0800] "GET /files/food/bandicam_2017-06-20_14-36-00-832.jpg HTTP/1.1" 200 19138 "-" "Dalvik/2.1.0 (Linux; U; Android 5.0.2; vivo Y35 Build/LRX21M)"
182.200.65.111 - - [09/Sep/2017:17:10:35 +0800] "GET /files/food/bandicam_2017-06-20_14-36-59-459.jpg HTTP/1.1" 200 21684 "-" "Dalvik/2.1.0 (Linux; U; Android 5.0.2; vivo Y35 Build/LRX21M)"
182.200.65.111 - - [09/Sep/2017:17:10:35 +0800] "GET /files/food/bandicam_2017-06-20_14-35-56-211.jpg HTTP/1.1" 200 24823 "-" "Dalvik/2.1.0 (Linux; U; Android 5.0.2; vivo Y35 Build/LRX21M)"
182.200.65.111 - - [09/Sep/2017:17:10:35 +0800] "GET /files/food/bandicam_2017-06-20_14-36-00-832.jpg HTTP/1.1" 200 19138 "-" "Dalvik/2.1.0 (Linux; U; Android 5.0.2; vivo Y35 Build/LRX21M)"
182.200.65.111 - - [09/Sep/2017:17:10:36 +0800] "GET /files/food/%E8%8F%9C1.jpg HTTP/1.1" 200 214737 "-" "Dalvik/2.1.0 (Linux; U; Android 5.0.2; vivo Y35 Build/LRX21M)"
182.200.65.111 - - [09/Sep/2017:17:10:40 +0800] "POST /api/v1.0/meal/get_all_meal_by_user/ HTTP/1.1" 200 857 "-" "okhttp/3.4.1"
182.200.65.111 - - [09/Sep/2017:17:10:47 +0800] "GET /api/v1.0/desk/?store=5&search=1 HTTP/1.1" 200 379 "-" "okhttp/3.4.1"
182.200.65.111 - - [09/Sep/2017:17:10:49 +0800] "GET /api/v1.0/desk/is_use/?desk=2 HTTP/1.1" 200 15 "-" "okhttp/3.4.1"
182.200.65.111 - - [09/Sep/2017:17:10:52 +0800] "POST /api/v1.0/meal/start_meal/ HTTP/1.1" 200 81 "-" "okhttp/3.4.1"
182.200.65.111 - - [09/Sep/2017:17:10:52 +0800] "POST /api/v1.0/order_food/add_cart/ HTTP/1.1" 200 16 "-" "okhttp/3.4.1"
182.200.65.111 - - [09/Sep/2017:17:10:52 +0800] "GET /api/v1.0/order/get_food_num/?id=737 HTTP/1.1" 200 24 "-" "okhttp/3.4.1"
182.200.65.111 - - [09/Sep/2017:17:10:52 +0800] "GET /files/food/%E8%8F%9C1.jpg HTTP/1.1" 200 214737 "-" "Dalvik/2.1.0 (Linux; U; Android 5.0.2; vivo Y35 Build/LRX21M)"
182.200.65.111 - - [09/Sep/2017:17:10:54 +0800] "GET /api/v1.0/meal/709 HTTP/1.1" 301 0 "-" "okhttp/3.4.1"
182.200.65.111 - - [09/Sep/2017:17:10:54 +0800] "GET /api/v1.0/meal/709/ HTTP/1.1" 200 1271 "-" "okhttp/3.4.1"
182.200.65.111 - - [09/Sep/2017:17:10:55 +0800] "GET /api/v1.0/coupon/my_coupon/?store=5 HTTP/1.1" 200 1448 "-" "okhttp/3.4.1"
182.200.65.111 - - [09/Sep/2017:17:10:55 +0800] "GET /files/food/%E8%8F%9C1.jpg HTTP/1.1" 200 214737 "-" "Dalvik/2.1.0 (Linux; U; Android 5.0.2; vivo Y35 Build/LRX21M)"
182.200.65.111 - - [09/Sep/2017:17:11:31 +0800] "POST /admin/login/?next=/admin/user/abstractuser/ HTTP/1.1" 302 0 "http://114.115.157.120:8002/admin/login/?next=/admin/user/abstractuser/" "Mozilla/5.0 (Windows NT 10.0; WOW64) AppleWebKit/537.36 (KHTML, like Gecko) Chrome/60.0.3112.101 Safari/537.36"
182.200.65.111 - - [09/Sep/2017:17:11:32 +0800] "GET /admin/user/abstractuser/ HTTP/1.1" 200 4804 "http://114.115.157.120:8002/admin/login/?next=/admin/user/abstractuser/" "Mozilla/5.0 (Windows NT 10.0; WOW64) AppleWebKit/537.36 (KHTML, like Gecko) Chrome/60.0.3112.101 Safari/537.36"
182.200.65.111 - - [09/Sep/2017:17:11:32 +0800] "GET /static/admin/css/changelists.css HTTP/1.1" 200 74 "http://114.115.157.120:8002/admin/user/abstractuser/" "Mozilla/5.0 (Windows NT 10.0; WOW64) AppleWebKit/537.36 (KHTML, like Gecko) Chrome/60.0.3112.101 Safari/537.36"
182.200.65.111 - - [09/Sep/2017:17:11:32 +0800] "GET /static/admin/js/core.js HTTP/1.1" 200 7976 "http://114.115.157.120:8002/admin/user/abstractuser/" "Mozilla/5.0 (Windows NT 10.0; WOW64) AppleWebKit/537.36 (KHTML, like Gecko) Chrome/60.0.3112.101 Safari/537.36"
182.200.65.111 - - [09/Sep/2017:17:11:32 +0800] "GET /static/admin/js/jquery.init.js HTTP/1.1" 200 363 "http://114.115.157.120:8002/admin/user/abstractuser/" "Mozilla/5.0 (Windows NT 10.0; WOW64) AppleWebKit/537.36 (KHTML, like Gecko) Chrome/60.0.3112.101 Safari/537.36"
182.200.65.111 - - [09/Sep/2017:17:11:32 +0800] "GET /static/admin/js/admin/RelatedObjectLookups.js HTTP/1.1" 200 6591 "http://114.115.157.120:8002/admin/user/abstractuser/" "Mozilla/5.0 (Windows NT 10.0; WOW64) AppleWebKit/537.36 (KHTML, like Gecko) Chrome/60.0.3112.101 Safari/537.36"
182.200.65.111 - - [09/Sep/2017:17:11:32 +0800] "GET /static/admin/js/actions.js HTTP/1.1" 200 6501 "http://114.115.157.120:8002/admin/user/abstractuser/" "Mozilla/5.0 (Windows NT 10.0; WOW64) AppleWebKit/537.36 (KHTML, like Gecko) Chrome/60.0.3112.101 Safari/537.36"
182.200.65.111 - - [09/Sep/2017:17:11:32 +0800] "GET /static/admin/js/urlify.js HTTP/1.1" 200 8186 "http://114.115.157.120:8002/admin/user/abstractuser/" "Mozilla/5.0 (Windows NT 10.0; WOW64) AppleWebKit/537.36 (KHTML, like Gecko) Chrome/60.0.3112.101 Safari/537.36"
182.200.65.111 - - [09/Sep/2017:17:11:32 +0800] "GET /static/admin/js/prepopulate.js HTTP/1.1" 200 1538 "http://114.115.157.120:8002/admin/user/abstractuser/" "Mozilla/5.0 (Windows NT 10.0; WOW64) AppleWebKit/537.36 (KHTML, like Gecko) Chrome/60.0.3112.101 Safari/537.36"
